------------------------------------------------------------
TimeQuest Timing Analyzer Summary
------------------------------------------------------------

Type  : Slow 1200mV 100C Model Setup 'altera_reserved_tck'
Slack : 43.445
TNS   : 0.000

Type  : Slow 1200mV 100C Model Hold 'altera_reserved_tck'
Slack : 0.415
TNS   : 0.000

Type  : Slow 1200mV 100C Model Recovery 'altera_reserved_tck'
Slack : 97.372
TNS   : 0.000

Type  : Slow 1200mV 100C Model Removal 'altera_reserved_tck'
Slack : 1.246
TNS   : 0.000

Type  : Slow 1200mV 100C Model Minimum Pulse Width 'altera_reserved_tck'
Slack : 49.576
TNS   : 0.000

Type  : Slow 1200mV -40C Model Setup 'altera_reserved_tck'
Slack : 44.320
TNS   : 0.000

Type  : Slow 1200mV -40C Model Hold 'altera_reserved_tck'
Slack : 0.343
TNS   : 0.000

Type  : Slow 1200mV -40C Model Recovery 'altera_reserved_tck'
Slack : 97.728
TNS   : 0.000

Type  : Slow 1200mV -40C Model Removal 'altera_reserved_tck'
Slack : 1.105
TNS   : 0.000

Type  : Slow 1200mV -40C Model Minimum Pulse Width 'altera_reserved_tck'
Slack : 49.448
TNS   : 0.000

Type  : Fast 1200mV -40C Model Setup 'altera_reserved_tck'
Slack : 47.082
TNS   : 0.000

Type  : Fast 1200mV -40C Model Hold 'altera_reserved_tck'
Slack : 0.178
TNS   : 0.000

Type  : Fast 1200mV -40C Model Recovery 'altera_reserved_tck'
Slack : 98.698
TNS   : 0.000

Type  : Fast 1200mV -40C Model Removal 'altera_reserved_tck'
Slack : 0.559
TNS   : 0.000

Type  : Fast 1200mV -40C Model Minimum Pulse Width 'altera_reserved_tck'
Slack : 49.460
TNS   : 0.000

------------------------------------------------------------
