Analysis & Synthesis report for processor_p5
Sun Apr 29 19:19:03 2018
Quartus Prime Version 17.1.0 Build 590 10/25/2017 SJ Standard Edition


---------------------
; Table of Contents ;
---------------------
  1. Legal Notice
  2. Analysis & Synthesis Summary
  3. Analysis & Synthesis Settings
  4. Parallel Compilation
  5. Analysis & Synthesis Source Files Read
  6. Analysis & Synthesis Resource Usage Summary
  7. Analysis & Synthesis Resource Utilization by Entity
  8. Analysis & Synthesis RAM Summary
  9. Analysis & Synthesis IP Cores Summary
 10. Registers Removed During Synthesis
 11. General Register Statistics
 12. Inverted Register Statistics
 13. Multiplexer Restructuring Statistics (Restructuring Performed)
 14. Source assignments for memory_RAM:inst1|altsyncram:altsyncram_component|altsyncram_hai1:auto_generated|altsyncram_fk82:altsyncram1
 15. Parameter Settings for User Entity Instance: memory_RAM:inst1|altsyncram:altsyncram_component
 16. altsyncram Parameter Settings by Entity Instance
 17. In-System Memory Content Editor Settings
 18. Post-Synthesis Netlist Statistics for Top Partition
 19. Elapsed Time Per Partition
 20. Analysis & Synthesis Messages



----------------
; Legal Notice ;
----------------
Copyright (C) 2017  Intel Corporation. All rights reserved.
Your use of Intel Corporation's design tools, logic functions 
and other software and tools, and its AMPP partner logic 
functions, and any output files from any of the foregoing 
(including device programming or simulation files), and any 
associated documentation or information are expressly subject 
to the terms and conditions of the Intel Program License 
Subscription Agreement, the Intel Quartus Prime License Agreement,
the Intel FPGA IP License Agreement, or other applicable license
agreement, including, without limitation, that your use is for
the sole purpose of programming logic devices manufactured by
Intel and sold by Intel or its authorized distributors.  Please
refer to the applicable agreement for further details.



+--------------------------------------------------------------------------------------+
; Analysis & Synthesis Summary                                                         ;
+------------------------------------+-------------------------------------------------+
; Analysis & Synthesis Status        ; Successful - Sun Apr 29 19:19:03 2018           ;
; Quartus Prime Version              ; 17.1.0 Build 590 10/25/2017 SJ Standard Edition ;
; Revision Name                      ; processor_p5                                    ;
; Top-level Entity Name              ; processor_p5                                    ;
; Family                             ; Cyclone IV E                                    ;
; Total logic elements               ; 285                                             ;
;     Total combinational functions  ; 253                                             ;
;     Dedicated logic registers      ; 157                                             ;
; Total registers                    ; 157                                             ;
; Total pins                         ; 91                                              ;
; Total virtual pins                 ; 0                                               ;
; Total memory bits                  ; 65,536                                          ;
; Embedded Multiplier 9-bit elements ; 0                                               ;
; Total PLLs                         ; 0                                               ;
+------------------------------------+-------------------------------------------------+


+----------------------------------------------------------------------------------------------------------------------+
; Analysis & Synthesis Settings                                                                                        ;
+----------------------------------------------------------------------------+--------------------+--------------------+
; Option                                                                     ; Setting            ; Default Value      ;
+----------------------------------------------------------------------------+--------------------+--------------------+
; Device                                                                     ; EP4CE30F23I7       ;                    ;
; Top-level entity name                                                      ; processor_p5       ; processor_p5       ;
; Family name                                                                ; Cyclone IV E       ; Cyclone V          ;
; Use smart compilation                                                      ; Off                ; Off                ;
; Enable parallel Assembler and TimeQuest Timing Analyzer during compilation ; On                 ; On                 ;
; Enable compact report table                                                ; Off                ; Off                ;
; Restructure Multiplexers                                                   ; Auto               ; Auto               ;
; Create Debugging Nodes for IP Cores                                        ; Off                ; Off                ;
; Preserve fewer node names                                                  ; On                 ; On                 ;
; Intel FPGA IP Evaluation Mode                                              ; Enable             ; Enable             ;
; Verilog Version                                                            ; Verilog_2001       ; Verilog_2001       ;
; VHDL Version                                                               ; VHDL_1993          ; VHDL_1993          ;
; State Machine Processing                                                   ; Auto               ; Auto               ;
; Safe State Machine                                                         ; Off                ; Off                ;
; Extract Verilog State Machines                                             ; On                 ; On                 ;
; Extract VHDL State Machines                                                ; On                 ; On                 ;
; Ignore Verilog initial constructs                                          ; Off                ; Off                ;
; Iteration limit for constant Verilog loops                                 ; 5000               ; 5000               ;
; Iteration limit for non-constant Verilog loops                             ; 250                ; 250                ;
; Add Pass-Through Logic to Inferred RAMs                                    ; On                 ; On                 ;
; Infer RAMs from Raw Logic                                                  ; On                 ; On                 ;
; Parallel Synthesis                                                         ; On                 ; On                 ;
; DSP Block Balancing                                                        ; Auto               ; Auto               ;
; NOT Gate Push-Back                                                         ; On                 ; On                 ;
; Power-Up Don't Care                                                        ; On                 ; On                 ;
; Remove Redundant Logic Cells                                               ; Off                ; Off                ;
; Remove Duplicate Registers                                                 ; On                 ; On                 ;
; Ignore CARRY Buffers                                                       ; Off                ; Off                ;
; Ignore CASCADE Buffers                                                     ; Off                ; Off                ;
; Ignore GLOBAL Buffers                                                      ; Off                ; Off                ;
; Ignore ROW GLOBAL Buffers                                                  ; Off                ; Off                ;
; Ignore LCELL Buffers                                                       ; Off                ; Off                ;
; Ignore SOFT Buffers                                                        ; On                 ; On                 ;
; Limit AHDL Integers to 32 Bits                                             ; Off                ; Off                ;
; Optimization Technique                                                     ; Balanced           ; Balanced           ;
; Carry Chain Length                                                         ; 70                 ; 70                 ;
; Auto Carry Chains                                                          ; On                 ; On                 ;
; Auto Open-Drain Pins                                                       ; On                 ; On                 ;
; Perform WYSIWYG Primitive Resynthesis                                      ; Off                ; Off                ;
; Auto ROM Replacement                                                       ; On                 ; On                 ;
; Auto RAM Replacement                                                       ; On                 ; On                 ;
; Auto DSP Block Replacement                                                 ; On                 ; On                 ;
; Auto Shift Register Replacement                                            ; Auto               ; Auto               ;
; Allow Shift Register Merging across Hierarchies                            ; Auto               ; Auto               ;
; Auto Clock Enable Replacement                                              ; On                 ; On                 ;
; Strict RAM Replacement                                                     ; Off                ; Off                ;
; Allow Synchronous Control Signals                                          ; On                 ; On                 ;
; Force Use of Synchronous Clear Signals                                     ; Off                ; Off                ;
; Auto RAM Block Balancing                                                   ; On                 ; On                 ;
; Auto RAM to Logic Cell Conversion                                          ; Off                ; Off                ;
; Auto Resource Sharing                                                      ; Off                ; Off                ;
; Allow Any RAM Size For Recognition                                         ; Off                ; Off                ;
; Allow Any ROM Size For Recognition                                         ; Off                ; Off                ;
; Allow Any Shift Register Size For Recognition                              ; Off                ; Off                ;
; Use LogicLock Constraints during Resource Balancing                        ; On                 ; On                 ;
; Ignore translate_off and synthesis_off directives                          ; Off                ; Off                ;
; Timing-Driven Synthesis                                                    ; On                 ; On                 ;
; Report Parameter Settings                                                  ; On                 ; On                 ;
; Report Source Assignments                                                  ; On                 ; On                 ;
; Report Connectivity Checks                                                 ; On                 ; On                 ;
; Ignore Maximum Fan-Out Assignments                                         ; Off                ; Off                ;
; Synchronization Register Chain Length                                      ; 2                  ; 2                  ;
; Power Optimization During Synthesis                                        ; Normal compilation ; Normal compilation ;
; HDL message level                                                          ; Level2             ; Level2             ;
; Suppress Register Optimization Related Messages                            ; Off                ; Off                ;
; Number of Removed Registers Reported in Synthesis Report                   ; 5000               ; 5000               ;
; Number of Swept Nodes Reported in Synthesis Report                         ; 5000               ; 5000               ;
; Number of Inverted Registers Reported in Synthesis Report                  ; 100                ; 100                ;
; Clock MUX Protection                                                       ; On                 ; On                 ;
; Auto Gated Clock Conversion                                                ; Off                ; Off                ;
; Block Design Naming                                                        ; Auto               ; Auto               ;
; SDC constraint protection                                                  ; Off                ; Off                ;
; Synthesis Effort                                                           ; Auto               ; Auto               ;
; Shift Register Replacement - Allow Asynchronous Clear Signal               ; On                 ; On                 ;
; Pre-Mapping Resynthesis Optimization                                       ; Off                ; Off                ;
; Analysis & Synthesis Message Level                                         ; Medium             ; Medium             ;
; Disable Register Merging Across Hierarchies                                ; Auto               ; Auto               ;
; Resource Aware Inference For Block RAM                                     ; On                 ; On                 ;
+----------------------------------------------------------------------------+--------------------+--------------------+


+------------------------------------------+
; Parallel Compilation                     ;
+----------------------------+-------------+
; Processors                 ; Number      ;
+----------------------------+-------------+
; Number detected on machine ; 8           ;
; Maximum allowed            ; 4           ;
;                            ;             ;
; Average used               ; 1.00        ;
; Maximum used               ; 4           ;
;                            ;             ;
; Usage by Processor         ; % Time Used ;
;     Processor 1            ; 100.0%      ;
;     Processors 2-4         ;   0.0%      ;
+----------------------------+-------------+


+----------------------------------------------------------------------------------------------------------------------------------------------------------------------------------------------------------------------------------------------------------------------+
; Analysis & Synthesis Source Files Read                                                                                                                                                                                                                               ;
+--------------------------------------------------------------------+-----------------+----------------------------------------------+------------------------------------------------------------------------------------------------------------------+-------------+
; File Name with User-Entered Path                                   ; Used in Netlist ; File Type                                    ; File Name with Absolute Path                                                                                     ; Library     ;
+--------------------------------------------------------------------+-----------------+----------------------------------------------+------------------------------------------------------------------------------------------------------------------+-------------+
; ../SZCV/SZCV.v                                                     ; yes             ; User Verilog HDL File                        ; /export/home/016/a0169654/SIMPLE/SZCV/SZCV.v                                                                     ;             ;
; ../sixteen_to_twelve/sixteen_to_twelve.v                           ; yes             ; User Verilog HDL File                        ; /export/home/016/a0169654/SIMPLE/sixteen_to_twelve/sixteen_to_twelve.v                                           ;             ;
; ../regfile/regfile.v                                               ; yes             ; User Verilog HDL File                        ; /export/home/016/a0169654/SIMPLE/regfile/regfile.v                                                               ;             ;
; ../program_counter/program_counter.v                               ; yes             ; User Verilog HDL File                        ; /export/home/016/a0169654/SIMPLE/program_counter/program_counter.v                                               ;             ;
; ../phase_counter/phase_counter.v                                   ; yes             ; User Verilog HDL File                        ; /export/home/016/a0169654/SIMPLE/phase_counter/phase_counter.v                                                   ;             ;
; ../MDR/MDR.v                                                       ; yes             ; User Verilog HDL File                        ; /export/home/016/a0169654/SIMPLE/MDR/MDR.v                                                                       ;             ;
; ../main_memory/memory_RAM.v                                        ; yes             ; User Wizard-Generated File                   ; /export/home/016/a0169654/SIMPLE/main_memory/memory_RAM.v                                                        ;             ;
; ../LED_simple/LED_simple.v                                         ; yes             ; User Verilog HDL File                        ; /export/home/016/a0169654/SIMPLE/LED_simple/LED_simple.v                                                         ;             ;
; ../LED/LED.v                                                       ; yes             ; User Verilog HDL File                        ; /export/home/016/a0169654/SIMPLE/LED/LED.v                                                                       ;             ;
; ../eight_to_sixteen/eight_to_sixteen.v                             ; yes             ; User Verilog HDL File                        ; /export/home/016/a0169654/SIMPLE/eight_to_sixteen/eight_to_sixteen.v                                             ;             ;
; ../DR/DR.v                                                         ; yes             ; User Verilog HDL File                        ; /export/home/016/a0169654/SIMPLE/DR/DR.v                                                                         ;             ;
; ../decoder/decoder.v                                               ; yes             ; User Verilog HDL File                        ; /export/home/016/a0169654/SIMPLE/decoder/decoder.v                                                               ;             ;
; ../data_selecter_controller/data_selecter_controller.v             ; yes             ; User Verilog HDL File                        ; /export/home/016/a0169654/SIMPLE/data_selecter_controller/data_selecter_controller.v                             ;             ;
; ../data_selecter/data_selecter.v                                   ; yes             ; User Verilog HDL File                        ; /export/home/016/a0169654/SIMPLE/data_selecter/data_selecter.v                                                   ;             ;
; ../control_unit/control_unit.v                                     ; yes             ; User Verilog HDL File                        ; /export/home/016/a0169654/SIMPLE/control_unit/control_unit.v                                                     ;             ;
; ../BR/BR.v                                                         ; yes             ; User Verilog HDL File                        ; /export/home/016/a0169654/SIMPLE/BR/BR.v                                                                         ;             ;
; ../AR/AR.v                                                         ; yes             ; User Verilog HDL File                        ; /export/home/016/a0169654/SIMPLE/AR/AR.v                                                                         ;             ;
; ../ALU/ALU.v                                                       ; yes             ; User Verilog HDL File                        ; /export/home/016/a0169654/SIMPLE/ALU/ALU.v                                                                       ;             ;
; ../adder_for_program_counter/adder_for_program_counter.v           ; yes             ; User Verilog HDL File                        ; /export/home/016/a0169654/SIMPLE/adder_for_program_counter/adder_for_program_counter.v                           ;             ;
; processor_p5.bdf                                                   ; yes             ; User Block Diagram/Schematic File            ; /export/home/016/a0169654/SIMPLE/processor_p5/processor_p5.bdf                                                   ;             ;
; altsyncram.tdf                                                     ; yes             ; Megafunction                                 ; /home/quartus/intelFPGA/17.1/quartus/libraries/megafunctions/altsyncram.tdf                                      ;             ;
; stratix_ram_block.inc                                              ; yes             ; Megafunction                                 ; /home/quartus/intelFPGA/17.1/quartus/libraries/megafunctions/stratix_ram_block.inc                               ;             ;
; lpm_mux.inc                                                        ; yes             ; Megafunction                                 ; /home/quartus/intelFPGA/17.1/quartus/libraries/megafunctions/lpm_mux.inc                                         ;             ;
; lpm_decode.inc                                                     ; yes             ; Megafunction                                 ; /home/quartus/intelFPGA/17.1/quartus/libraries/megafunctions/lpm_decode.inc                                      ;             ;
; aglobal171.inc                                                     ; yes             ; Megafunction                                 ; /home/quartus/intelFPGA/17.1/quartus/libraries/megafunctions/aglobal171.inc                                      ;             ;
; a_rdenreg.inc                                                      ; yes             ; Megafunction                                 ; /home/quartus/intelFPGA/17.1/quartus/libraries/megafunctions/a_rdenreg.inc                                       ;             ;
; altrom.inc                                                         ; yes             ; Megafunction                                 ; /home/quartus/intelFPGA/17.1/quartus/libraries/megafunctions/altrom.inc                                          ;             ;
; altram.inc                                                         ; yes             ; Megafunction                                 ; /home/quartus/intelFPGA/17.1/quartus/libraries/megafunctions/altram.inc                                          ;             ;
; altdpram.inc                                                       ; yes             ; Megafunction                                 ; /home/quartus/intelFPGA/17.1/quartus/libraries/megafunctions/altdpram.inc                                        ;             ;
; db/altsyncram_hai1.tdf                                             ; yes             ; Auto-Generated Megafunction                  ; /export/home/016/a0169654/SIMPLE/processor_p5/db/altsyncram_hai1.tdf                                             ;             ;
; db/altsyncram_fk82.tdf                                             ; yes             ; Auto-Generated Megafunction                  ; /export/home/016/a0169654/SIMPLE/processor_p5/db/altsyncram_fk82.tdf                                             ;             ;
; sld_mod_ram_rom.vhd                                                ; yes             ; Encrypted Megafunction                       ; /home/quartus/intelFPGA/17.1/quartus/libraries/megafunctions/sld_mod_ram_rom.vhd                                 ;             ;
; sld_jtag_endpoint_adapter.vhd                                      ; yes             ; Encrypted Megafunction                       ; /home/quartus/intelFPGA/17.1/quartus/libraries/megafunctions/sld_jtag_endpoint_adapter.vhd                       ;             ;
; sld_jtag_endpoint_adapter_impl.sv                                  ; yes             ; Encrypted Megafunction                       ; /home/quartus/intelFPGA/17.1/quartus/libraries/megafunctions/sld_jtag_endpoint_adapter_impl.sv                   ;             ;
; sld_rom_sr.vhd                                                     ; yes             ; Encrypted Megafunction                       ; /home/quartus/intelFPGA/17.1/quartus/libraries/megafunctions/sld_rom_sr.vhd                                      ;             ;
; sld_hub.vhd                                                        ; yes             ; Encrypted Megafunction                       ; /home/quartus/intelFPGA/17.1/quartus/libraries/megafunctions/sld_hub.vhd                                         ; altera_sld  ;
; db/ip/sld84b3a435/alt_sld_fab.v                                    ; yes             ; Encrypted Auto-Found Verilog HDL File        ; /export/home/016/a0169654/SIMPLE/processor_p5/db/ip/sld84b3a435/alt_sld_fab.v                                    ; alt_sld_fab ;
; db/ip/sld84b3a435/submodules/alt_sld_fab_alt_sld_fab.v             ; yes             ; Encrypted Auto-Found Verilog HDL File        ; /export/home/016/a0169654/SIMPLE/processor_p5/db/ip/sld84b3a435/submodules/alt_sld_fab_alt_sld_fab.v             ; alt_sld_fab ;
; db/ip/sld84b3a435/submodules/alt_sld_fab_alt_sld_fab_ident.sv      ; yes             ; Auto-Found SystemVerilog HDL File            ; /export/home/016/a0169654/SIMPLE/processor_p5/db/ip/sld84b3a435/submodules/alt_sld_fab_alt_sld_fab_ident.sv      ; alt_sld_fab ;
; db/ip/sld84b3a435/submodules/alt_sld_fab_alt_sld_fab_presplit.sv   ; yes             ; Encrypted Auto-Found SystemVerilog HDL File  ; /export/home/016/a0169654/SIMPLE/processor_p5/db/ip/sld84b3a435/submodules/alt_sld_fab_alt_sld_fab_presplit.sv   ; alt_sld_fab ;
; db/ip/sld84b3a435/submodules/alt_sld_fab_alt_sld_fab_sldfabric.vhd ; yes             ; Encrypted Auto-Found VHDL File               ; /export/home/016/a0169654/SIMPLE/processor_p5/db/ip/sld84b3a435/submodules/alt_sld_fab_alt_sld_fab_sldfabric.vhd ; alt_sld_fab ;
; db/ip/sld84b3a435/submodules/alt_sld_fab_alt_sld_fab_splitter.sv   ; yes             ; Encrypted Auto-Found SystemVerilog HDL File  ; /export/home/016/a0169654/SIMPLE/processor_p5/db/ip/sld84b3a435/submodules/alt_sld_fab_alt_sld_fab_splitter.sv   ; alt_sld_fab ;
; sld_jtag_hub.vhd                                                   ; yes             ; Encrypted Megafunction                       ; /home/quartus/intelFPGA/17.1/quartus/libraries/megafunctions/sld_jtag_hub.vhd                                    ;             ;
+--------------------------------------------------------------------+-----------------+----------------------------------------------+------------------------------------------------------------------------------------------------------------------+-------------+


+------------------------------------------------------------------------+
; Analysis & Synthesis Resource Usage Summary                            ;
+---------------------------------------------+--------------------------+
; Resource                                    ; Usage                    ;
+---------------------------------------------+--------------------------+
; Estimated Total logic elements              ; 285                      ;
;                                             ;                          ;
; Total combinational functions               ; 253                      ;
; Logic element usage by number of LUT inputs ;                          ;
;     -- 4 input functions                    ; 112                      ;
;     -- 3 input functions                    ; 66                       ;
;     -- <=2 input functions                  ; 75                       ;
;                                             ;                          ;
; Logic elements by mode                      ;                          ;
;     -- normal mode                          ; 215                      ;
;     -- arithmetic mode                      ; 38                       ;
;                                             ;                          ;
; Total registers                             ; 157                      ;
;     -- Dedicated logic registers            ; 157                      ;
;     -- I/O registers                        ; 0                        ;
;                                             ;                          ;
; I/O pins                                    ; 91                       ;
; Total memory bits                           ; 65536                    ;
;                                             ;                          ;
; Embedded Multiplier 9-bit elements          ; 0                        ;
;                                             ;                          ;
; Maximum fan-out node                        ; altera_internal_jtag~TDO ;
; Maximum fan-out                             ; 177                      ;
; Total fan-out                               ; 1956                     ;
; Average fan-out                             ; 3.17                     ;
+---------------------------------------------+--------------------------+


+----------------------------------------------------------------------------------------------------------------------------------------------------------------------------------------------------------------------------------------------------------------------------------------------------------------------------------------------------------------------------------------------------------------------------------------------------------------------------------------------------------------------------------------------------------------------------------------------------------------------------------------------------------------------------------+
; Analysis & Synthesis Resource Utilization by Entity                                                                                                                                                                                                                                                                                                                                                                                                                                                                                                                                                                                                                              ;
+-----------------------------------------------------------------------------------------------------------------------------------------+---------------------+---------------------------+-------------+--------------+---------+-----------+------+--------------+----------------------------------------------------------------------------------------------------------------------------------------------------------------------------------------------------------------------------------------------------------------------------------------------------------------------------------------------------------+-----------------------------------+--------------+
; Compilation Hierarchy Node                                                                                                              ; Combinational ALUTs ; Dedicated Logic Registers ; Memory Bits ; DSP Elements ; DSP 9x9 ; DSP 18x18 ; Pins ; Virtual Pins ; Full Hierarchy Name                                                                                                                                                                                                                                                                                                                                      ; Entity Name                       ; Library Name ;
+-----------------------------------------------------------------------------------------------------------------------------------------+---------------------+---------------------------+-------------+--------------+---------+-----------+------+--------------+----------------------------------------------------------------------------------------------------------------------------------------------------------------------------------------------------------------------------------------------------------------------------------------------------------------------------------------------------------+-----------------------------------+--------------+
; |processor_p5                                                                                                                           ; 253 (1)             ; 157 (0)                   ; 65536       ; 0            ; 0       ; 0         ; 91   ; 0            ; |processor_p5                                                                                                                                                                                                                                                                                                                                            ; processor_p5                      ; work         ;
;    |LED:inst8|                                                                                                                          ; 2 (2)               ; 0 (0)                     ; 0           ; 0            ; 0       ; 0         ; 0    ; 0            ; |processor_p5|LED:inst8                                                                                                                                                                                                                                                                                                                                  ; LED                               ; work         ;
;    |LED_simple:inst11|                                                                                                                  ; 28 (28)             ; 0 (0)                     ; 0           ; 0            ; 0       ; 0         ; 0    ; 0            ; |processor_p5|LED_simple:inst11                                                                                                                                                                                                                                                                                                                          ; LED_simple                        ; work         ;
;    |adder_for_program_counter:inst|                                                                                                     ; 16 (16)             ; 0 (0)                     ; 0           ; 0            ; 0       ; 0         ; 0    ; 0            ; |processor_p5|adder_for_program_counter:inst                                                                                                                                                                                                                                                                                                             ; adder_for_program_counter         ; work         ;
;    |control_unit:inst15|                                                                                                                ; 8 (8)               ; 1 (1)                     ; 0           ; 0            ; 0       ; 0         ; 0    ; 0            ; |processor_p5|control_unit:inst15                                                                                                                                                                                                                                                                                                                        ; control_unit                      ; work         ;
;    |memory_RAM:inst1|                                                                                                                   ; 73 (0)              ; 50 (0)                    ; 65536       ; 0            ; 0       ; 0         ; 0    ; 0            ; |processor_p5|memory_RAM:inst1                                                                                                                                                                                                                                                                                                                           ; memory_RAM                        ; work         ;
;       |altsyncram:altsyncram_component|                                                                                                 ; 73 (0)              ; 50 (0)                    ; 65536       ; 0            ; 0       ; 0         ; 0    ; 0            ; |processor_p5|memory_RAM:inst1|altsyncram:altsyncram_component                                                                                                                                                                                                                                                                                           ; altsyncram                        ; work         ;
;          |altsyncram_hai1:auto_generated|                                                                                               ; 73 (0)              ; 50 (0)                    ; 65536       ; 0            ; 0       ; 0         ; 0    ; 0            ; |processor_p5|memory_RAM:inst1|altsyncram:altsyncram_component|altsyncram_hai1:auto_generated                                                                                                                                                                                                                                                            ; altsyncram_hai1                   ; work         ;
;             |altsyncram_fk82:altsyncram1|                                                                                               ; 0 (0)               ; 0 (0)                     ; 65536       ; 0            ; 0       ; 0         ; 0    ; 0            ; |processor_p5|memory_RAM:inst1|altsyncram:altsyncram_component|altsyncram_hai1:auto_generated|altsyncram_fk82:altsyncram1                                                                                                                                                                                                                                ; altsyncram_fk82                   ; work         ;
;             |sld_mod_ram_rom:mgl_prim2|                                                                                                 ; 73 (56)             ; 50 (42)                   ; 0           ; 0            ; 0       ; 0         ; 0    ; 0            ; |processor_p5|memory_RAM:inst1|altsyncram:altsyncram_component|altsyncram_hai1:auto_generated|sld_mod_ram_rom:mgl_prim2                                                                                                                                                                                                                                  ; sld_mod_ram_rom                   ; work         ;
;                |sld_rom_sr:\ram_rom_logic_gen:no_name_gen:info_rom_sr|                                                                  ; 17 (17)             ; 8 (8)                     ; 0           ; 0            ; 0       ; 0         ; 0    ; 0            ; |processor_p5|memory_RAM:inst1|altsyncram:altsyncram_component|altsyncram_hai1:auto_generated|sld_mod_ram_rom:mgl_prim2|sld_rom_sr:\ram_rom_logic_gen:no_name_gen:info_rom_sr                                                                                                                                                                            ; sld_rom_sr                        ; work         ;
;    |phase_counter:inst36|                                                                                                               ; 3 (3)               ; 3 (3)                     ; 0           ; 0            ; 0       ; 0         ; 0    ; 0            ; |processor_p5|phase_counter:inst36                                                                                                                                                                                                                                                                                                                       ; phase_counter                     ; work         ;
;    |program_counter:inst12|                                                                                                             ; 0 (0)               ; 16 (16)                   ; 0           ; 0            ; 0       ; 0         ; 0    ; 0            ; |processor_p5|program_counter:inst12                                                                                                                                                                                                                                                                                                                     ; program_counter                   ; work         ;
;    |sld_hub:auto_hub|                                                                                                                   ; 122 (1)             ; 87 (0)                    ; 0           ; 0            ; 0       ; 0         ; 0    ; 0            ; |processor_p5|sld_hub:auto_hub                                                                                                                                                                                                                                                                                                                           ; sld_hub                           ; altera_sld   ;
;       |alt_sld_fab_with_jtag_input:\instrumentation_fabric_with_node_gen:fabric_gen_new_way:with_jtag_input_gen:instrumentation_fabric| ; 121 (0)             ; 87 (0)                    ; 0           ; 0            ; 0       ; 0         ; 0    ; 0            ; |processor_p5|sld_hub:auto_hub|alt_sld_fab_with_jtag_input:\instrumentation_fabric_with_node_gen:fabric_gen_new_way:with_jtag_input_gen:instrumentation_fabric                                                                                                                                                                                           ; alt_sld_fab_with_jtag_input       ; altera_sld   ;
;          |alt_sld_fab:instrumentation_fabric|                                                                                           ; 121 (0)             ; 87 (0)                    ; 0           ; 0            ; 0       ; 0         ; 0    ; 0            ; |processor_p5|sld_hub:auto_hub|alt_sld_fab_with_jtag_input:\instrumentation_fabric_with_node_gen:fabric_gen_new_way:with_jtag_input_gen:instrumentation_fabric|alt_sld_fab:instrumentation_fabric                                                                                                                                                        ; alt_sld_fab                       ; alt_sld_fab  ;
;             |alt_sld_fab_alt_sld_fab:alt_sld_fab|                                                                                       ; 121 (1)             ; 87 (5)                    ; 0           ; 0            ; 0       ; 0         ; 0    ; 0            ; |processor_p5|sld_hub:auto_hub|alt_sld_fab_with_jtag_input:\instrumentation_fabric_with_node_gen:fabric_gen_new_way:with_jtag_input_gen:instrumentation_fabric|alt_sld_fab:instrumentation_fabric|alt_sld_fab_alt_sld_fab:alt_sld_fab                                                                                                                    ; alt_sld_fab_alt_sld_fab           ; alt_sld_fab  ;
;                |alt_sld_fab_alt_sld_fab_sldfabric:sldfabric|                                                                            ; 120 (0)             ; 82 (0)                    ; 0           ; 0            ; 0       ; 0         ; 0    ; 0            ; |processor_p5|sld_hub:auto_hub|alt_sld_fab_with_jtag_input:\instrumentation_fabric_with_node_gen:fabric_gen_new_way:with_jtag_input_gen:instrumentation_fabric|alt_sld_fab:instrumentation_fabric|alt_sld_fab_alt_sld_fab:alt_sld_fab|alt_sld_fab_alt_sld_fab_sldfabric:sldfabric                                                                        ; alt_sld_fab_alt_sld_fab_sldfabric ; alt_sld_fab  ;
;                   |sld_jtag_hub:\jtag_hub_gen:real_sld_jtag_hub|                                                                        ; 120 (84)            ; 82 (54)                   ; 0           ; 0            ; 0       ; 0         ; 0    ; 0            ; |processor_p5|sld_hub:auto_hub|alt_sld_fab_with_jtag_input:\instrumentation_fabric_with_node_gen:fabric_gen_new_way:with_jtag_input_gen:instrumentation_fabric|alt_sld_fab:instrumentation_fabric|alt_sld_fab_alt_sld_fab:alt_sld_fab|alt_sld_fab_alt_sld_fab_sldfabric:sldfabric|sld_jtag_hub:\jtag_hub_gen:real_sld_jtag_hub                           ; sld_jtag_hub                      ; work         ;
;                      |sld_rom_sr:hub_info_reg|                                                                                          ; 18 (18)             ; 9 (9)                     ; 0           ; 0            ; 0       ; 0         ; 0    ; 0            ; |processor_p5|sld_hub:auto_hub|alt_sld_fab_with_jtag_input:\instrumentation_fabric_with_node_gen:fabric_gen_new_way:with_jtag_input_gen:instrumentation_fabric|alt_sld_fab:instrumentation_fabric|alt_sld_fab_alt_sld_fab:alt_sld_fab|alt_sld_fab_alt_sld_fab_sldfabric:sldfabric|sld_jtag_hub:\jtag_hub_gen:real_sld_jtag_hub|sld_rom_sr:hub_info_reg   ; sld_rom_sr                        ; work         ;
;                      |sld_shadow_jsm:shadow_jsm|                                                                                        ; 18 (18)             ; 19 (19)                   ; 0           ; 0            ; 0       ; 0         ; 0    ; 0            ; |processor_p5|sld_hub:auto_hub|alt_sld_fab_with_jtag_input:\instrumentation_fabric_with_node_gen:fabric_gen_new_way:with_jtag_input_gen:instrumentation_fabric|alt_sld_fab:instrumentation_fabric|alt_sld_fab_alt_sld_fab:alt_sld_fab|alt_sld_fab_alt_sld_fab_sldfabric:sldfabric|sld_jtag_hub:\jtag_hub_gen:real_sld_jtag_hub|sld_shadow_jsm:shadow_jsm ; sld_shadow_jsm                    ; altera_sld   ;
+-----------------------------------------------------------------------------------------------------------------------------------------+---------------------+---------------------------+-------------+--------------+---------+-----------+------+--------------+----------------------------------------------------------------------------------------------------------------------------------------------------------------------------------------------------------------------------------------------------------------------------------------------------------------------------------------------------------+-----------------------------------+--------------+
Note: For table entries with two numbers listed, the numbers in parentheses indicate the number of resources of the given type used by the specific entity alone. The numbers listed outside of parentheses indicate the total resources of the given type used by the specific entity and all of its sub-entities in the hierarchy.


+---------------------------------------------------------------------------------------------------------------------------------------------------------------------------------------------------------------------------+
; Analysis & Synthesis RAM Summary                                                                                                                                                                                          ;
+------------------------------------------------------------------------------------------------------------------------+------+----------------+--------------+--------------+--------------+--------------+-------+------+
; Name                                                                                                                   ; Type ; Mode           ; Port A Depth ; Port A Width ; Port B Depth ; Port B Width ; Size  ; MIF  ;
+------------------------------------------------------------------------------------------------------------------------+------+----------------+--------------+--------------+--------------+--------------+-------+------+
; memory_RAM:inst1|altsyncram:altsyncram_component|altsyncram_hai1:auto_generated|altsyncram_fk82:altsyncram1|ALTSYNCRAM ; AUTO ; True Dual Port ; 4096         ; 16           ; 4096         ; 16           ; 65536 ; None ;
+------------------------------------------------------------------------------------------------------------------------+------+----------------+--------------+--------------+--------------+--------------+-------+------+


+---------------------------------------------------------------------------------------------------------------------------------------------------------------------------------------------------------------------------------------------------------------------------------------------------------------------------------------------------------------------+
; Analysis & Synthesis IP Cores Summary                                                                                                                                                                                                                                                                                                                               ;
+--------+--------------+---------+--------------+--------------+-----------------------------------------------------------------------------------------------------------------------------------------------------------------------------------------------------------------------------------------------------------------------------------+-----------------+
; Vendor ; IP Core Name ; Version ; Release Date ; License Type ; Entity Instance                                                                                                                                                                                                                                                                   ; IP Include File ;
+--------+--------------+---------+--------------+--------------+-----------------------------------------------------------------------------------------------------------------------------------------------------------------------------------------------------------------------------------------------------------------------------------+-----------------+
; Altera ; Signal Tap   ; N/A     ; N/A          ; Licensed     ; |processor_p5|sld_hub:auto_hub|alt_sld_fab_with_jtag_input:\instrumentation_fabric_with_node_gen:fabric_gen_new_way:with_jtag_input_gen:instrumentation_fabric|alt_sld_fab:instrumentation_fabric                                                                                 ;                 ;
; Altera ; Signal Tap   ; N/A     ; N/A          ; Licensed     ; |processor_p5|sld_hub:auto_hub|alt_sld_fab_with_jtag_input:\instrumentation_fabric_with_node_gen:fabric_gen_new_way:with_jtag_input_gen:instrumentation_fabric|alt_sld_fab:instrumentation_fabric|alt_sld_fab_alt_sld_fab:alt_sld_fab                                             ;                 ;
; Altera ; Signal Tap   ; N/A     ; N/A          ; Licensed     ; |processor_p5|sld_hub:auto_hub|alt_sld_fab_with_jtag_input:\instrumentation_fabric_with_node_gen:fabric_gen_new_way:with_jtag_input_gen:instrumentation_fabric|alt_sld_fab:instrumentation_fabric|alt_sld_fab_alt_sld_fab:alt_sld_fab|alt_sld_fab_alt_sld_fab_presplit:presplit   ;                 ;
; Altera ; Signal Tap   ; N/A     ; N/A          ; Licensed     ; |processor_p5|sld_hub:auto_hub|alt_sld_fab_with_jtag_input:\instrumentation_fabric_with_node_gen:fabric_gen_new_way:with_jtag_input_gen:instrumentation_fabric|alt_sld_fab:instrumentation_fabric|alt_sld_fab_alt_sld_fab:alt_sld_fab|alt_sld_fab_alt_sld_fab_sldfabric:sldfabric ;                 ;
; Altera ; Signal Tap   ; N/A     ; N/A          ; Licensed     ; |processor_p5|sld_hub:auto_hub|alt_sld_fab_with_jtag_input:\instrumentation_fabric_with_node_gen:fabric_gen_new_way:with_jtag_input_gen:instrumentation_fabric|alt_sld_fab:instrumentation_fabric|alt_sld_fab_alt_sld_fab:alt_sld_fab|alt_sld_fab_alt_sld_fab_splitter:splitter   ;                 ;
+--------+--------------+---------+--------------+--------------+-----------------------------------------------------------------------------------------------------------------------------------------------------------------------------------------------------------------------------------------------------------------------------------+-----------------+


+---------------------------------------------------------------------------------+
; Registers Removed During Synthesis                                              ;
+----------------------------------------+----------------------------------------+
; Register name                          ; Reason for Removal                     ;
+----------------------------------------+----------------------------------------+
; AR:inst18|data_to_ALU[0..15]           ; Stuck at GND due to stuck port data_in ;
; Total Number of Removed Registers = 16 ;                                        ;
+----------------------------------------+----------------------------------------+


+------------------------------------------------------+
; General Register Statistics                          ;
+----------------------------------------------+-------+
; Statistic                                    ; Value ;
+----------------------------------------------+-------+
; Total registers                              ; 157   ;
; Number of registers using Synchronous Clear  ; 12    ;
; Number of registers using Synchronous Load   ; 22    ;
; Number of registers using Asynchronous Clear ; 79    ;
; Number of registers using Asynchronous Load  ; 0     ;
; Number of registers using Clock Enable       ; 103   ;
; Number of registers using Preset             ; 0     ;
+----------------------------------------------+-------+


+-------------------------------------------------------------------------------------------------------------------------------------------------------------------------------------------------------------------------------------------------------------------------------------------------------------------------------------------+
; Inverted Register Statistics                                                                                                                                                                                                                                                                                                              ;
+---------------------------------------------------------------------------------------------------------------------------------------------------------------------------------------------------------------------------------------------------------------------------------------------------------------------------------+---------+
; Inverted Register                                                                                                                                                                                                                                                                                                               ; Fan out ;
+---------------------------------------------------------------------------------------------------------------------------------------------------------------------------------------------------------------------------------------------------------------------------------------------------------------------------------+---------+
; control_unit:inst15|running                                                                                                                                                                                                                                                                                                     ; 3       ;
; sld_hub:auto_hub|alt_sld_fab_with_jtag_input:\instrumentation_fabric_with_node_gen:fabric_gen_new_way:with_jtag_input_gen:instrumentation_fabric|alt_sld_fab:instrumentation_fabric|alt_sld_fab_alt_sld_fab:alt_sld_fab|alt_sld_fab_alt_sld_fab_sldfabric:sldfabric|sld_jtag_hub:\jtag_hub_gen:real_sld_jtag_hub|jtag_ir_reg[2] ; 2       ;
; sld_hub:auto_hub|alt_sld_fab_with_jtag_input:\instrumentation_fabric_with_node_gen:fabric_gen_new_way:with_jtag_input_gen:instrumentation_fabric|alt_sld_fab:instrumentation_fabric|alt_sld_fab_alt_sld_fab:alt_sld_fab|alt_sld_fab_alt_sld_fab_sldfabric:sldfabric|sld_jtag_hub:\jtag_hub_gen:real_sld_jtag_hub|jtag_ir_reg[1] ; 3       ;
; Total number of inverted registers = 3                                                                                                                                                                                                                                                                                          ;         ;
+---------------------------------------------------------------------------------------------------------------------------------------------------------------------------------------------------------------------------------------------------------------------------------------------------------------------------------+---------+


+-------------------------------------------------------------------------------------------------------------------------------------------------------------------------------------------------------------------------------------------------------------------------------------------------------------+
; Multiplexer Restructuring Statistics (Restructuring Performed)                                                                                                                                                                                                                                              ;
+--------------------+-----------+---------------+----------------------+------------------------+------------+-----------------------------------------------------------------------------------------------------------------------------------------------------------------------------------------------+
; Multiplexer Inputs ; Bus Width ; Baseline Area ; Area if Restructured ; Saving if Restructured ; Registered ; Example Multiplexer Output                                                                                                                                                                    ;
+--------------------+-----------+---------------+----------------------+------------------------+------------+-----------------------------------------------------------------------------------------------------------------------------------------------------------------------------------------------+
; 3:1                ; 5 bits    ; 10 LEs        ; 5 LEs                ; 5 LEs                  ; Yes        ; |processor_p5|memory_RAM:inst1|altsyncram:altsyncram_component|altsyncram_hai1:auto_generated|sld_mod_ram_rom:mgl_prim2|ram_rom_data_shift_cntr_reg[0]                                        ;
; 3:1                ; 16 bits   ; 32 LEs        ; 16 LEs               ; 16 LEs                 ; Yes        ; |processor_p5|memory_RAM:inst1|altsyncram:altsyncram_component|altsyncram_hai1:auto_generated|sld_mod_ram_rom:mgl_prim2|ram_rom_data_reg[3]                                                   ;
; 3:1                ; 12 bits   ; 24 LEs        ; 12 LEs               ; 12 LEs                 ; Yes        ; |processor_p5|memory_RAM:inst1|altsyncram:altsyncram_component|altsyncram_hai1:auto_generated|sld_mod_ram_rom:mgl_prim2|ram_rom_addr_reg[1]                                                   ;
; 4:1                ; 4 bits    ; 8 LEs         ; 4 LEs                ; 4 LEs                  ; Yes        ; |processor_p5|memory_RAM:inst1|altsyncram:altsyncram_component|altsyncram_hai1:auto_generated|sld_mod_ram_rom:mgl_prim2|sld_rom_sr:\ram_rom_logic_gen:no_name_gen:info_rom_sr|word_counter[0] ;
; 4:1                ; 2 bits    ; 4 LEs         ; 2 LEs                ; 2 LEs                  ; Yes        ; |processor_p5|memory_RAM:inst1|altsyncram:altsyncram_component|altsyncram_hai1:auto_generated|sld_mod_ram_rom:mgl_prim2|sld_rom_sr:\ram_rom_logic_gen:no_name_gen:info_rom_sr|WORD_SR[3]      ;
; 18:1               ; 2 bits    ; 24 LEs        ; 16 LEs               ; 8 LEs                  ; Yes        ; |processor_p5|memory_RAM:inst1|altsyncram:altsyncram_component|altsyncram_hai1:auto_generated|sld_mod_ram_rom:mgl_prim2|sld_rom_sr:\ram_rom_logic_gen:no_name_gen:info_rom_sr|WORD_SR[0]      ;
; 3:1                ; 28 bits   ; 56 LEs        ; 28 LEs               ; 28 LEs                 ; No         ; |processor_p5|LED:inst8|out[26]                                                                                                                                                               ;
+--------------------+-----------+---------------+----------------------+------------------------+------------+-----------------------------------------------------------------------------------------------------------------------------------------------------------------------------------------------+


+------------------------------------------------------------------------------------------------------------------------------------+
; Source assignments for memory_RAM:inst1|altsyncram:altsyncram_component|altsyncram_hai1:auto_generated|altsyncram_fk82:altsyncram1 ;
+---------------------------------+--------------------+------+----------------------------------------------------------------------+
; Assignment                      ; Value              ; From ; To                                                                   ;
+---------------------------------+--------------------+------+----------------------------------------------------------------------+
; OPTIMIZE_POWER_DURING_SYNTHESIS ; NORMAL_COMPILATION ; -    ; -                                                                    ;
+---------------------------------+--------------------+------+----------------------------------------------------------------------+


+-----------------------------------------------------------------------------------------------+
; Parameter Settings for User Entity Instance: memory_RAM:inst1|altsyncram:altsyncram_component ;
+------------------------------------+----------------------+-----------------------------------+
; Parameter Name                     ; Value                ; Type                              ;
+------------------------------------+----------------------+-----------------------------------+
; BYTE_SIZE_BLOCK                    ; 8                    ; Untyped                           ;
; AUTO_CARRY_CHAINS                  ; ON                   ; AUTO_CARRY                        ;
; IGNORE_CARRY_BUFFERS               ; OFF                  ; IGNORE_CARRY                      ;
; AUTO_CASCADE_CHAINS                ; ON                   ; AUTO_CASCADE                      ;
; IGNORE_CASCADE_BUFFERS             ; OFF                  ; IGNORE_CASCADE                    ;
; WIDTH_BYTEENA                      ; 1                    ; Untyped                           ;
; OPERATION_MODE                     ; SINGLE_PORT          ; Untyped                           ;
; WIDTH_A                            ; 16                   ; Signed Integer                    ;
; WIDTHAD_A                          ; 12                   ; Signed Integer                    ;
; NUMWORDS_A                         ; 4096                 ; Signed Integer                    ;
; OUTDATA_REG_A                      ; UNREGISTERED         ; Untyped                           ;
; ADDRESS_ACLR_A                     ; NONE                 ; Untyped                           ;
; OUTDATA_ACLR_A                     ; NONE                 ; Untyped                           ;
; WRCONTROL_ACLR_A                   ; NONE                 ; Untyped                           ;
; INDATA_ACLR_A                      ; NONE                 ; Untyped                           ;
; BYTEENA_ACLR_A                     ; NONE                 ; Untyped                           ;
; WIDTH_B                            ; 1                    ; Untyped                           ;
; WIDTHAD_B                          ; 1                    ; Untyped                           ;
; NUMWORDS_B                         ; 1                    ; Untyped                           ;
; INDATA_REG_B                       ; CLOCK1               ; Untyped                           ;
; WRCONTROL_WRADDRESS_REG_B          ; CLOCK1               ; Untyped                           ;
; RDCONTROL_REG_B                    ; CLOCK1               ; Untyped                           ;
; ADDRESS_REG_B                      ; CLOCK1               ; Untyped                           ;
; OUTDATA_REG_B                      ; UNREGISTERED         ; Untyped                           ;
; BYTEENA_REG_B                      ; CLOCK1               ; Untyped                           ;
; INDATA_ACLR_B                      ; NONE                 ; Untyped                           ;
; WRCONTROL_ACLR_B                   ; NONE                 ; Untyped                           ;
; ADDRESS_ACLR_B                     ; NONE                 ; Untyped                           ;
; OUTDATA_ACLR_B                     ; NONE                 ; Untyped                           ;
; RDCONTROL_ACLR_B                   ; NONE                 ; Untyped                           ;
; BYTEENA_ACLR_B                     ; NONE                 ; Untyped                           ;
; WIDTH_BYTEENA_A                    ; 1                    ; Signed Integer                    ;
; WIDTH_BYTEENA_B                    ; 1                    ; Untyped                           ;
; RAM_BLOCK_TYPE                     ; AUTO                 ; Untyped                           ;
; BYTE_SIZE                          ; 8                    ; Untyped                           ;
; READ_DURING_WRITE_MODE_MIXED_PORTS ; DONT_CARE            ; Untyped                           ;
; READ_DURING_WRITE_MODE_PORT_A      ; NEW_DATA_NO_NBE_READ ; Untyped                           ;
; READ_DURING_WRITE_MODE_PORT_B      ; NEW_DATA_NO_NBE_READ ; Untyped                           ;
; INIT_FILE                          ; UNUSED               ; Untyped                           ;
; INIT_FILE_LAYOUT                   ; PORT_A               ; Untyped                           ;
; MAXIMUM_DEPTH                      ; 0                    ; Untyped                           ;
; CLOCK_ENABLE_INPUT_A               ; BYPASS               ; Untyped                           ;
; CLOCK_ENABLE_INPUT_B               ; NORMAL               ; Untyped                           ;
; CLOCK_ENABLE_OUTPUT_A              ; BYPASS               ; Untyped                           ;
; CLOCK_ENABLE_OUTPUT_B              ; NORMAL               ; Untyped                           ;
; CLOCK_ENABLE_CORE_A                ; USE_INPUT_CLKEN      ; Untyped                           ;
; CLOCK_ENABLE_CORE_B                ; USE_INPUT_CLKEN      ; Untyped                           ;
; ENABLE_ECC                         ; FALSE                ; Untyped                           ;
; ECC_PIPELINE_STAGE_ENABLED         ; FALSE                ; Untyped                           ;
; WIDTH_ECCSTATUS                    ; 3                    ; Untyped                           ;
; DEVICE_FAMILY                      ; Cyclone IV E         ; Untyped                           ;
; CBXI_PARAMETER                     ; altsyncram_hai1      ; Untyped                           ;
+------------------------------------+----------------------+-----------------------------------+
Note: In order to hide this table in the UI and the text report file, please set the "Show Parameter Settings in Synthesis Report" option in "Analysis and Synthesis Settings -> More Settings" to "Off".


+----------------------------------------------------------------------------------------------+
; altsyncram Parameter Settings by Entity Instance                                             ;
+-------------------------------------------+--------------------------------------------------+
; Name                                      ; Value                                            ;
+-------------------------------------------+--------------------------------------------------+
; Number of entity instances                ; 1                                                ;
; Entity Instance                           ; memory_RAM:inst1|altsyncram:altsyncram_component ;
;     -- OPERATION_MODE                     ; SINGLE_PORT                                      ;
;     -- WIDTH_A                            ; 16                                               ;
;     -- NUMWORDS_A                         ; 4096                                             ;
;     -- OUTDATA_REG_A                      ; UNREGISTERED                                     ;
;     -- WIDTH_B                            ; 1                                                ;
;     -- NUMWORDS_B                         ; 1                                                ;
;     -- ADDRESS_REG_B                      ; CLOCK1                                           ;
;     -- OUTDATA_REG_B                      ; UNREGISTERED                                     ;
;     -- RAM_BLOCK_TYPE                     ; AUTO                                             ;
;     -- READ_DURING_WRITE_MODE_MIXED_PORTS ; DONT_CARE                                        ;
+-------------------------------------------+--------------------------------------------------+


+---------------------------------------------------------------------------------------------------------------------------------------------+
; In-System Memory Content Editor Settings                                                                                                    ;
+----------------+-------------+-------+-------+------------+---------------------------------------------------------------------------------+
; Instance Index ; Instance ID ; Width ; Depth ; Mode       ; Hierarchy Location                                                              ;
+----------------+-------------+-------+-------+------------+---------------------------------------------------------------------------------+
; 0              ; NONE        ; 16    ; 4096  ; Read/Write ; memory_RAM:inst1|altsyncram:altsyncram_component|altsyncram_hai1:auto_generated ;
+----------------+-------------+-------+-------+------------+---------------------------------------------------------------------------------+


+-----------------------------------------------------+
; Post-Synthesis Netlist Statistics for Top Partition ;
+-----------------------+-----------------------------+
; Type                  ; Count                       ;
+-----------------------+-----------------------------+
; boundary_port         ; 118                         ;
; cycloneiii_ff         ; 70                          ;
;     CLR               ; 26                          ;
;     ENA               ; 24                          ;
;     ENA CLR           ; 7                           ;
;     ENA CLR SLD       ; 12                          ;
;     plain             ; 1                           ;
; cycloneiii_lcell_comb ; 156                         ;
;     arith             ; 30                          ;
;         2 data inputs ; 30                          ;
;     normal            ; 126                         ;
;         0 data inputs ; 2                           ;
;         1 data inputs ; 27                          ;
;         2 data inputs ; 5                           ;
;         3 data inputs ; 34                          ;
;         4 data inputs ; 58                          ;
; cycloneiii_ram_block  ; 16                          ;
;                       ;                             ;
; Max LUT depth         ; 4.50                        ;
; Average LUT depth     ; 2.53                        ;
+-----------------------+-----------------------------+


+-------------------------------+
; Elapsed Time Per Partition    ;
+----------------+--------------+
; Partition Name ; Elapsed Time ;
+----------------+--------------+
; Top            ; 00:00:00     ;
+----------------+--------------+


+-------------------------------+
; Analysis & Synthesis Messages ;
+-------------------------------+
Info: *******************************************************************
Info: Running Quartus Prime Analysis & Synthesis
    Info: Version 17.1.0 Build 590 10/25/2017 SJ Standard Edition
    Info: Processing started: Sun Apr 29 19:18:42 2018
Info: Command: quartus_map --read_settings_files=on --write_settings_files=off processor_p5 -c processor_p5
Warning (18236): Number of processors has not been specified which may cause overloading on shared machines.  Set the global assignment NUM_PARALLEL_PROCESSORS in your QSF to an appropriate value for best performance.
Info (20030): Parallel compilation is enabled and will use 4 of the 4 processors detected
Info (12021): Found 1 design units, including 1 entities, in source file /export/home/016/a0169654/SIMPLE/addr_select/addr_select.v
    Info (12023): Found entity 1: addr_select File: /export/home/016/a0169654/SIMPLE/addr_select/addr_select.v Line: 1
Info (12021): Found 1 design units, including 1 entities, in source file /export/home/016/a0169654/SIMPLE/SZCV/SZCV.v
    Info (12023): Found entity 1: SZCV File: /export/home/016/a0169654/SIMPLE/SZCV/SZCV.v Line: 1
Info (12021): Found 1 design units, including 1 entities, in source file /export/home/016/a0169654/SIMPLE/sixteen_to_twelve/sixteen_to_twelve.v
    Info (12023): Found entity 1: sixteen_to_twelve File: /export/home/016/a0169654/SIMPLE/sixteen_to_twelve/sixteen_to_twelve.v Line: 1
Info (12021): Found 1 design units, including 1 entities, in source file /export/home/016/a0169654/SIMPLE/regfile/regfile.v
    Info (12023): Found entity 1: regfile File: /export/home/016/a0169654/SIMPLE/regfile/regfile.v Line: 1
Info (12021): Found 1 design units, including 1 entities, in source file /export/home/016/a0169654/SIMPLE/program_counter/program_counter.v
    Info (12023): Found entity 1: program_counter File: /export/home/016/a0169654/SIMPLE/program_counter/program_counter.v Line: 1
Info (12021): Found 1 design units, including 1 entities, in source file /export/home/016/a0169654/SIMPLE/phase_counter/phase_counter.v
    Info (12023): Found entity 1: phase_counter File: /export/home/016/a0169654/SIMPLE/phase_counter/phase_counter.v Line: 1
Info (12021): Found 1 design units, including 1 entities, in source file /export/home/016/a0169654/SIMPLE/MDR/MDR.v
    Info (12023): Found entity 1: MDR File: /export/home/016/a0169654/SIMPLE/MDR/MDR.v Line: 1
Info (12021): Found 1 design units, including 1 entities, in source file /export/home/016/a0169654/SIMPLE/main_memory/memory_RAM.v
    Info (12023): Found entity 1: memory_RAM File: /export/home/016/a0169654/SIMPLE/main_memory/memory_RAM.v Line: 39
Info (12021): Found 1 design units, including 1 entities, in source file /export/home/016/a0169654/SIMPLE/LED_simple/LED_simple.v
    Info (12023): Found entity 1: LED_simple File: /export/home/016/a0169654/SIMPLE/LED_simple/LED_simple.v Line: 1
Info (12021): Found 1 design units, including 1 entities, in source file /export/home/016/a0169654/SIMPLE/LED/LED.v
    Info (12023): Found entity 1: LED File: /export/home/016/a0169654/SIMPLE/LED/LED.v Line: 1
Info (12021): Found 1 design units, including 1 entities, in source file /export/home/016/a0169654/SIMPLE/instruction_register/instruction_register.v
    Info (12023): Found entity 1: instruction_register File: /export/home/016/a0169654/SIMPLE/instruction_register/instruction_register.v Line: 1
Info (12021): Found 1 design units, including 1 entities, in source file /export/home/016/a0169654/SIMPLE/eight_to_sixteen/eight_to_sixteen.v
    Info (12023): Found entity 1: eight_to_sixteen File: /export/home/016/a0169654/SIMPLE/eight_to_sixteen/eight_to_sixteen.v Line: 1
Info (12021): Found 1 design units, including 1 entities, in source file /export/home/016/a0169654/SIMPLE/DR/DR.v
    Info (12023): Found entity 1: DR File: /export/home/016/a0169654/SIMPLE/DR/DR.v Line: 1
Info (12021): Found 1 design units, including 1 entities, in source file /export/home/016/a0169654/SIMPLE/decoder/decoder.v
    Info (12023): Found entity 1: decoder File: /export/home/016/a0169654/SIMPLE/decoder/decoder.v Line: 1
Info (12021): Found 1 design units, including 1 entities, in source file /export/home/016/a0169654/SIMPLE/data_selecter_controller/data_selecter_controller.v
    Info (12023): Found entity 1: data_selecter_controller File: /export/home/016/a0169654/SIMPLE/data_selecter_controller/data_selecter_controller.v Line: 1
Info (12021): Found 1 design units, including 1 entities, in source file /export/home/016/a0169654/SIMPLE/data_selecter/data_selecter.v
    Info (12023): Found entity 1: data_selecter File: /export/home/016/a0169654/SIMPLE/data_selecter/data_selecter.v Line: 1
Info (12021): Found 1 design units, including 1 entities, in source file /export/home/016/a0169654/SIMPLE/control_unit/control_unit.v
    Info (12023): Found entity 1: control_unit File: /export/home/016/a0169654/SIMPLE/control_unit/control_unit.v Line: 1
Info (12021): Found 1 design units, including 1 entities, in source file /export/home/016/a0169654/SIMPLE/BR/BR.v
    Info (12023): Found entity 1: BR File: /export/home/016/a0169654/SIMPLE/BR/BR.v Line: 1
Info (12021): Found 1 design units, including 1 entities, in source file /export/home/016/a0169654/SIMPLE/AR/AR.v
    Info (12023): Found entity 1: AR File: /export/home/016/a0169654/SIMPLE/AR/AR.v Line: 1
Info (12021): Found 1 design units, including 1 entities, in source file /export/home/016/a0169654/SIMPLE/ALU/ALU.v
    Info (12023): Found entity 1: ALU File: /export/home/016/a0169654/SIMPLE/ALU/ALU.v Line: 1
Info (12021): Found 1 design units, including 1 entities, in source file /export/home/016/a0169654/SIMPLE/adjust_seven_segment/adjust_seven_segment.v
    Info (12023): Found entity 1: adjust_seven_segment File: /export/home/016/a0169654/SIMPLE/adjust_seven_segment/adjust_seven_segment.v Line: 1
Info (12021): Found 1 design units, including 1 entities, in source file /export/home/016/a0169654/SIMPLE/adder_for_program_counter/adder_for_program_counter.v
    Info (12023): Found entity 1: adder_for_program_counter File: /export/home/016/a0169654/SIMPLE/adder_for_program_counter/adder_for_program_counter.v Line: 1
Info (12021): Found 1 design units, including 1 entities, in source file processor_p5.bdf
    Info (12023): Found entity 1: processor_p5
Info (12127): Elaborating entity "processor_p5" for the top level hierarchy
Info (12128): Elaborating entity "control_unit" for hierarchy "control_unit:inst15"
Info (12128): Elaborating entity "phase_counter" for hierarchy "phase_counter:inst36"
Info (12128): Elaborating entity "LED_simple" for hierarchy "LED_simple:inst11"
Info (12128): Elaborating entity "adder_for_program_counter" for hierarchy "adder_for_program_counter:inst"
Info (12128): Elaborating entity "program_counter" for hierarchy "program_counter:inst12"
Info (12128): Elaborating entity "LED" for hierarchy "LED:inst8"
Warning (10776): Verilog HDL warning at LED.v(8): variable decode4_8 in static task or function decode4_8 may have unintended latch behavior File: /export/home/016/a0169654/SIMPLE/LED/LED.v Line: 8
Warning (10241): Verilog HDL Function Declaration warning at LED.v(8): function "decode4_8" may return a Don't Care value because its output register may not be assigned a value in every possible path through the function File: /export/home/016/a0169654/SIMPLE/LED/LED.v Line: 8
Warning (10030): Net "decode4_8" at LED.v(8) has no driver or initial value, using a default initial value '0' File: /export/home/016/a0169654/SIMPLE/LED/LED.v Line: 8
Info (12128): Elaborating entity "AR" for hierarchy "AR:inst18"
Info (12128): Elaborating entity "regfile" for hierarchy "regfile:inst7"
Info (12128): Elaborating entity "decoder" for hierarchy "decoder:inst6"
Info (12128): Elaborating entity "memory_RAM" for hierarchy "memory_RAM:inst1"
Info (12128): Elaborating entity "altsyncram" for hierarchy "memory_RAM:inst1|altsyncram:altsyncram_component" File: /export/home/016/a0169654/SIMPLE/main_memory/memory_RAM.v Line: 85
Info (12130): Elaborated megafunction instantiation "memory_RAM:inst1|altsyncram:altsyncram_component" File: /export/home/016/a0169654/SIMPLE/main_memory/memory_RAM.v Line: 85
Info (12133): Instantiated megafunction "memory_RAM:inst1|altsyncram:altsyncram_component" with the following parameter: File: /export/home/016/a0169654/SIMPLE/main_memory/memory_RAM.v Line: 85
    Info (12134): Parameter "clock_enable_input_a" = "BYPASS"
    Info (12134): Parameter "clock_enable_output_a" = "BYPASS"
    Info (12134): Parameter "intended_device_family" = "Cyclone IV E"
    Info (12134): Parameter "lpm_hint" = "ENABLE_RUNTIME_MOD=YES,INSTANCE_NAME=NONE"
    Info (12134): Parameter "lpm_type" = "altsyncram"
    Info (12134): Parameter "numwords_a" = "4096"
    Info (12134): Parameter "operation_mode" = "SINGLE_PORT"
    Info (12134): Parameter "outdata_aclr_a" = "NONE"
    Info (12134): Parameter "outdata_reg_a" = "UNREGISTERED"
    Info (12134): Parameter "power_up_uninitialized" = "FALSE"
    Info (12134): Parameter "read_during_write_mode_port_a" = "NEW_DATA_NO_NBE_READ"
    Info (12134): Parameter "widthad_a" = "12"
    Info (12134): Parameter "width_a" = "16"
    Info (12134): Parameter "width_byteena_a" = "1"
Info (12021): Found 1 design units, including 1 entities, in source file db/altsyncram_hai1.tdf
    Info (12023): Found entity 1: altsyncram_hai1 File: /export/home/016/a0169654/SIMPLE/processor_p5/db/altsyncram_hai1.tdf Line: 27
Info (12128): Elaborating entity "altsyncram_hai1" for hierarchy "memory_RAM:inst1|altsyncram:altsyncram_component|altsyncram_hai1:auto_generated" File: /home/quartus/intelFPGA/17.1/quartus/libraries/megafunctions/altsyncram.tdf Line: 791
Info (12021): Found 1 design units, including 1 entities, in source file db/altsyncram_fk82.tdf
    Info (12023): Found entity 1: altsyncram_fk82 File: /export/home/016/a0169654/SIMPLE/processor_p5/db/altsyncram_fk82.tdf Line: 27
Info (12128): Elaborating entity "altsyncram_fk82" for hierarchy "memory_RAM:inst1|altsyncram:altsyncram_component|altsyncram_hai1:auto_generated|altsyncram_fk82:altsyncram1" File: /export/home/016/a0169654/SIMPLE/processor_p5/db/altsyncram_hai1.tdf Line: 36
Info (12128): Elaborating entity "sld_mod_ram_rom" for hierarchy "memory_RAM:inst1|altsyncram:altsyncram_component|altsyncram_hai1:auto_generated|sld_mod_ram_rom:mgl_prim2" File: /export/home/016/a0169654/SIMPLE/processor_p5/db/altsyncram_hai1.tdf Line: 37
Info (12130): Elaborated megafunction instantiation "memory_RAM:inst1|altsyncram:altsyncram_component|altsyncram_hai1:auto_generated|sld_mod_ram_rom:mgl_prim2" File: /export/home/016/a0169654/SIMPLE/processor_p5/db/altsyncram_hai1.tdf Line: 37
Info (12133): Instantiated megafunction "memory_RAM:inst1|altsyncram:altsyncram_component|altsyncram_hai1:auto_generated|sld_mod_ram_rom:mgl_prim2" with the following parameter: File: /export/home/016/a0169654/SIMPLE/processor_p5/db/altsyncram_hai1.tdf Line: 37
    Info (12134): Parameter "CVALUE" = "0000000000000000"
    Info (12134): Parameter "IS_DATA_IN_RAM" = "1"
    Info (12134): Parameter "IS_READABLE" = "1"
    Info (12134): Parameter "NODE_NAME" = "0"
    Info (12134): Parameter "NUMWORDS" = "4096"
    Info (12134): Parameter "SHIFT_COUNT_BITS" = "5"
    Info (12134): Parameter "WIDTH_WORD" = "16"
    Info (12134): Parameter "WIDTHAD" = "12"
Info (12128): Elaborating entity "sld_jtag_endpoint_adapter" for hierarchy "memory_RAM:inst1|altsyncram:altsyncram_component|altsyncram_hai1:auto_generated|sld_mod_ram_rom:mgl_prim2|sld_jtag_endpoint_adapter:jtag_signal_adapter" File: /home/quartus/intelFPGA/17.1/quartus/libraries/megafunctions/sld_mod_ram_rom.vhd Line: 302
Info (12128): Elaborating entity "sld_jtag_endpoint_adapter_impl" for hierarchy "memory_RAM:inst1|altsyncram:altsyncram_component|altsyncram_hai1:auto_generated|sld_mod_ram_rom:mgl_prim2|sld_jtag_endpoint_adapter:jtag_signal_adapter|sld_jtag_endpoint_adapter_impl:sld_jtag_endpoint_adapter_impl_inst" File: /home/quartus/intelFPGA/17.1/quartus/libraries/megafunctions/sld_jtag_endpoint_adapter.vhd Line: 232
Info (12128): Elaborating entity "sld_rom_sr" for hierarchy "memory_RAM:inst1|altsyncram:altsyncram_component|altsyncram_hai1:auto_generated|sld_mod_ram_rom:mgl_prim2|sld_rom_sr:\ram_rom_logic_gen:no_name_gen:info_rom_sr" File: /home/quartus/intelFPGA/17.1/quartus/libraries/megafunctions/sld_mod_ram_rom.vhd Line: 799
Info (12128): Elaborating entity "sixteen_to_twelve" for hierarchy "sixteen_to_twelve:inst2"
Info (12128): Elaborating entity "BR" for hierarchy "BR:inst19"
Info (12128): Elaborating entity "data_selecter" for hierarchy "data_selecter:inst20"
Info (12128): Elaborating entity "data_selecter_controller" for hierarchy "data_selecter_controller:inst23"
Info (12128): Elaborating entity "eight_to_sixteen" for hierarchy "eight_to_sixteen:inst22"
Info (12128): Elaborating entity "SZCV" for hierarchy "SZCV:inst26"
Info (12128): Elaborating entity "ALU" for hierarchy "ALU:inst28"
Warning (10036): Verilog HDL or VHDL warning at ALU.v(11): object "plus_result" assigned a value but never read File: /export/home/016/a0169654/SIMPLE/ALU/ALU.v Line: 11
Warning (10036): Verilog HDL or VHDL warning at ALU.v(12): object "minus_result" assigned a value but never read File: /export/home/016/a0169654/SIMPLE/ALU/ALU.v Line: 12
Warning (10036): Verilog HDL or VHDL warning at ALU.v(14): object "SLL_result" assigned a value but never read File: /export/home/016/a0169654/SIMPLE/ALU/ALU.v Line: 14
Warning (10036): Verilog HDL or VHDL warning at ALU.v(15): object "SLR_result" assigned a value but never read File: /export/home/016/a0169654/SIMPLE/ALU/ALU.v Line: 15
Warning (10036): Verilog HDL or VHDL warning at ALU.v(16): object "SRL_result" assigned a value but never read File: /export/home/016/a0169654/SIMPLE/ALU/ALU.v Line: 16
Warning (10036): Verilog HDL or VHDL warning at ALU.v(17): object "SRR_result" assigned a value but never read File: /export/home/016/a0169654/SIMPLE/ALU/ALU.v Line: 17
Warning (10230): Verilog HDL assignment warning at ALU.v(115): truncated value with size 16 to match size of target (1) File: /export/home/016/a0169654/SIMPLE/ALU/ALU.v Line: 115
Info (12128): Elaborating entity "DR" for hierarchy "DR:inst30"
Info (12128): Elaborating entity "MDR" for hierarchy "MDR:inst33"
Info (11170): Starting IP generation for the debug fabric: alt_sld_fab.
Info (11172): 2018.04.29.19:18:56 Progress: Loading sld84b3a435/alt_sld_fab_wrapper_hw.tcl
Info (11172): Alt_sld_fab.alt_sld_fab: SLD fabric agents which did not specify prefer_host were connected to JTAG
Info (11172): Alt_sld_fab: Generating alt_sld_fab "alt_sld_fab" for QUARTUS_SYNTH
Info (11172): Alt_sld_fab: "alt_sld_fab" instantiated alt_sld_fab "alt_sld_fab"
Info (11172): Presplit: "alt_sld_fab" instantiated altera_super_splitter "presplit"
Info (11172): Splitter: "alt_sld_fab" instantiated altera_sld_splitter "splitter"
Info (11172): Sldfabric: "alt_sld_fab" instantiated altera_sld_jtag_hub "sldfabric"
Info (11172): Ident: "alt_sld_fab" instantiated altera_connection_identification_hub "ident"
Info (11172): Alt_sld_fab: Done "alt_sld_fab" with 6 modules, 6 files
Info (11171): Finished IP generation for the debug fabric: alt_sld_fab.
Info (12021): Found 1 design units, including 1 entities, in source file db/ip/sld84b3a435/alt_sld_fab.v
    Info (12023): Found entity 1: alt_sld_fab File: /export/home/016/a0169654/SIMPLE/processor_p5/db/ip/sld84b3a435/alt_sld_fab.v Line: 9
Info (12021): Found 1 design units, including 1 entities, in source file db/ip/sld84b3a435/submodules/alt_sld_fab_alt_sld_fab.v
    Info (12023): Found entity 1: alt_sld_fab_alt_sld_fab File: /export/home/016/a0169654/SIMPLE/processor_p5/db/ip/sld84b3a435/submodules/alt_sld_fab_alt_sld_fab.v Line: 9
Info (12021): Found 1 design units, including 1 entities, in source file db/ip/sld84b3a435/submodules/alt_sld_fab_alt_sld_fab_ident.sv
    Info (12023): Found entity 1: alt_sld_fab_alt_sld_fab_ident File: /export/home/016/a0169654/SIMPLE/processor_p5/db/ip/sld84b3a435/submodules/alt_sld_fab_alt_sld_fab_ident.sv Line: 33
Info (12021): Found 1 design units, including 1 entities, in source file db/ip/sld84b3a435/submodules/alt_sld_fab_alt_sld_fab_presplit.sv
    Info (12023): Found entity 1: alt_sld_fab_alt_sld_fab_presplit File: /export/home/016/a0169654/SIMPLE/processor_p5/db/ip/sld84b3a435/submodules/alt_sld_fab_alt_sld_fab_presplit.sv Line: 3
Info (12021): Found 2 design units, including 1 entities, in source file db/ip/sld84b3a435/submodules/alt_sld_fab_alt_sld_fab_sldfabric.vhd
    Info (12022): Found design unit 1: alt_sld_fab_alt_sld_fab_sldfabric-rtl File: /export/home/016/a0169654/SIMPLE/processor_p5/db/ip/sld84b3a435/submodules/alt_sld_fab_alt_sld_fab_sldfabric.vhd Line: 102
    Info (12023): Found entity 1: alt_sld_fab_alt_sld_fab_sldfabric File: /export/home/016/a0169654/SIMPLE/processor_p5/db/ip/sld84b3a435/submodules/alt_sld_fab_alt_sld_fab_sldfabric.vhd Line: 11
Info (12021): Found 1 design units, including 1 entities, in source file db/ip/sld84b3a435/submodules/alt_sld_fab_alt_sld_fab_splitter.sv
    Info (12023): Found entity 1: alt_sld_fab_alt_sld_fab_splitter File: /export/home/016/a0169654/SIMPLE/processor_p5/db/ip/sld84b3a435/submodules/alt_sld_fab_alt_sld_fab_splitter.sv Line: 3
Warning (13024): Output pins are stuck at VCC or GND
    Warning (13410): Pin "selecter" is stuck at VCC
    Warning (13410): Pin "memory[25]" is stuck at GND
    Warning (13410): Pin "memory[24]" is stuck at GND
    Warning (13410): Pin "memory[17]" is stuck at GND
    Warning (13410): Pin "memory[16]" is stuck at GND
    Warning (13410): Pin "memory[9]" is stuck at GND
    Warning (13410): Pin "memory[8]" is stuck at GND
    Warning (13410): Pin "memory[1]" is stuck at GND
    Warning (13410): Pin "memory[0]" is stuck at GND
    Warning (13410): Pin "PC_check[24]" is stuck at GND
    Warning (13410): Pin "PC_check[16]" is stuck at GND
    Warning (13410): Pin "PC_check[8]" is stuck at GND
    Warning (13410): Pin "PC_check[0]" is stuck at GND
Info (286031): Timing-Driven Synthesis is running on partition "Top"
Info (16010): Generating hard_block partition "hard_block:auto_generated_inst"
    Info (16011): Adding 0 node(s), including 0 DDIO, 0 PLL, 0 transceiver and 0 LCELL
Warning (21074): Design contains 16 input pin(s) that do not drive logic
    Warning (15610): No output dependent on input pin "in[15]"
    Warning (15610): No output dependent on input pin "in[14]"
    Warning (15610): No output dependent on input pin "in[13]"
    Warning (15610): No output dependent on input pin "in[12]"
    Warning (15610): No output dependent on input pin "in[11]"
    Warning (15610): No output dependent on input pin "in[10]"
    Warning (15610): No output dependent on input pin "in[9]"
    Warning (15610): No output dependent on input pin "in[8]"
    Warning (15610): No output dependent on input pin "in[7]"
    Warning (15610): No output dependent on input pin "in[6]"
    Warning (15610): No output dependent on input pin "in[5]"
    Warning (15610): No output dependent on input pin "in[4]"
    Warning (15610): No output dependent on input pin "in[3]"
    Warning (15610): No output dependent on input pin "in[2]"
    Warning (15610): No output dependent on input pin "in[1]"
    Warning (15610): No output dependent on input pin "in[0]"
Info (21057): Implemented 417 device resources after synthesis - the final resource count might be different
    Info (21058): Implemented 23 input pins
    Info (21059): Implemented 72 output pins
    Info (21061): Implemented 305 logic cells
    Info (21064): Implemented 16 RAM segments
Info: Quartus Prime Analysis & Synthesis was successful. 0 errors, 42 warnings
    Info: Peak virtual memory: 1136 megabytes
    Info: Processing ended: Sun Apr 29 19:19:03 2018
    Info: Elapsed time: 00:00:21
    Info: Total CPU time (on all processors): 00:00:47


